massive.session_reset reason=init generation=1
=== GLOBAL PIT eval: 149 tickers, h=20, 5 folds, embargo=5d ===
FRED VIXCLS: attempt 1/3 HTTP 429: {"error_code":429,"error_message":"Too Many Requests.  Exceeded Rate Limit"}
  [25/149] CRWD
  [50/149] MU
  [75/149] SMCI
  [100/149] XLU
  [125/149] EME
pooled panel: 209,450 rows, 2020-01-30 -> 2026-04-30, built in 4.4m
features: 100/100 present
positive class: 54.3%
[config=production] depth=2 n_est=30 lambda=10.0
  fold 1: train n=41449, test n=41890, train_auc=0.714, test_auc=0.580, gap=+0.134
  fold 2: train n=83288, test n=41890, train_auc=0.730, test_auc=0.508, gap=+0.222
  fold 3: train n=125323, test n=41890, train_auc=0.682, test_auc=0.493, gap=+0.189
  fold 4: train n=167011, test n=41890, train_auc=0.669, test_auc=0.544, gap=+0.126

========================================================================
WALK-FORWARD BACKTEST RESULTS
========================================================================

Per-fold:
 fold  n_train  n_test  train_auc  test_auc  auc_gap  test_acc  test_brier
    1    41449   41890     0.7140    0.5798   0.1342    0.4394      0.2970
    2    83288   41890     0.7303    0.5083   0.2220    0.4525      0.2836
    3   125323   41890     0.6818    0.4928   0.1890    0.4990      0.2525
    4   167011   41890     0.6694    0.5439   0.1256    0.4441      0.2973

Overall:
  n_oos                    167560
  pooled_oos_auc           0.4594
  pooled_oos_acc           0.4587
  pooled_oos_brier         0.2826
  mean_train_auc           0.6989
  mean_test_auc            0.5312
  auc_gap                  0.1677
  rank_ic_median           -0.0121
  rank_ic_mean             -0.0091
  rank_ic_q25              -0.1481
  rank_ic_q75              0.1464
  rank_ic_pos_frac         0.4733
  rank_ic_n_dates          1200
  rank_ic_ir               -0.0433
  rank_ic_t                -1.4986

--- Rank-IC (Stage A: real signal metric, not AUC) ---
  median IC      -0.0121  (gate: >0.02)
  IC q25..q75    -0.1481 .. +0.1464  (gate: q25>0)
  pos fraction   0.473  (gate: >0.55)
  IC t-stat      -1.499  (gate: >3.0)  over 1200 dates

--- Diagnosis ---
  ⚠ Significant overfit: gap = 0.168.
    Reduce model complexity (max_depth, n_estimators) or add regularization.
  ⚠ OOS AUC (0.531) is real but weak.
    Strategy: combine many weak alphas (Finding Alphas Ch. 10).

wrote analysis/global_pit_eval_h20.csv

=== COMPARISON ===
GLOBAL pooled OOS AUC (this, 5yr purged): 0.4594
per-ticker OOS AUC (P0-2, 5yr purged):    0.487 / 0.493
GLOBAL validate_oos (single 2mo split):   0.580  <- the number being tested
