massive.session_reset reason=init generation=1
=== GLOBAL PIT eval: 149 tickers, h=1, 5 folds, embargo=5d ===
FRED VIXCLS: attempt 1/3 HTTP 429: {"error_code":429,"error_message":"Too Many Requests.  Exceeded Rate Limit"}
  [25/149] CRWD
  [50/149] MU
  [75/149] SMCI
  [100/149] XLU
  [125/149] EME
pooled panel: 212,281 rows, 2020-01-30 -> 2026-05-28, built in 4.4m
features: 100/100 present
positive class: 51.0%
[config=production] depth=2 n_est=30 lambda=10.0
  fold 1: train n=42059, test n=42456, train_auc=0.672, test_auc=0.488, gap=+0.183
  fold 2: train n=84376, test n=42456, train_auc=0.646, test_auc=0.518, gap=+0.128
  fold 3: train n=126863, test n=42456, train_auc=0.627, test_auc=0.509, gap=+0.117
  fold 4: train n=169347, test n=42457, train_auc=0.610, test_auc=0.530, gap=+0.081

========================================================================
WALK-FORWARD BACKTEST RESULTS
========================================================================

Per-fold:
 fold  n_train  n_test  train_auc  test_auc  auc_gap  test_acc  test_brier
    1    42059   42456     0.6717    0.4884   0.1833    0.4914      0.2564
    2    84376   42456     0.6459    0.5183   0.1276    0.4954      0.2532
    3   126863   42456     0.6265    0.5092   0.1173    0.5107      0.2505
    4   169347   42457     0.6104    0.5296   0.0808    0.5216      0.2485

Overall:
  n_oos                    169825
  pooled_oos_auc           0.5026
  pooled_oos_acc           0.5048
  pooled_oos_brier         0.2521
  mean_train_auc           0.6386
  mean_test_auc            0.5114
  auc_gap                  0.1272
  rank_ic_median           0.0001
  rank_ic_mean             -0.0031
  rank_ic_q25              -0.1377
  rank_ic_q75              0.1228
  rank_ic_pos_frac         0.5
  rank_ic_n_dates          544
  rank_ic_ir               -0.0179
  rank_ic_t                -0.4169

--- Rank-IC (Stage A: real signal metric, not AUC) ---
  median IC      +0.0001  (gate: >0.02)
  IC q25..q75    -0.1377 .. +0.1228  (gate: q25>0)
  pos fraction   0.500  (gate: >0.55)
  IC t-stat      -0.417  (gate: >3.0)  over 544 dates

--- Diagnosis ---
  ⚠ Significant overfit: gap = 0.127.
    Reduce model complexity (max_depth, n_estimators) or add regularization.
  ⚠ OOS AUC (0.511) at coin flip. No detectable signal.
    Pivot: build new alpha sources rather than tune current model.

wrote analysis/global_pit_eval_h1.csv

=== COMPARISON ===
GLOBAL pooled OOS AUC (this, 5yr purged): 0.5026
per-ticker OOS AUC (P0-2, 5yr purged):    0.487 / 0.493
GLOBAL validate_oos (single 2mo split):   0.580  <- the number being tested
